#-----------------------------------------------------------
# Vivado v2024.1 (64-bit)
# SW Build 5076996 on Wed May 22 18:37:14 MDT 2024
# IP Build 5075265 on Wed May 22 21:45:21 MDT 2024
# SharedData Build 5076995 on Wed May 22 18:29:18 MDT 2024
# Start of session at: Wed Aug 28 20:02:54 2024
# Process ID: 26668
# Current directory: D:/Github/Monitorias_ElectronicaDigital/Pre-Parcial/03-Taller PreParcial/Punto4/countmod12/countmod12.runs/impl_1
# Command line: vivado.exe -log TOP.vdi -applog -product Vivado -messageDb vivado.pb -mode batch -source TOP.tcl -notrace
# Log file: D:/Github/Monitorias_ElectronicaDigital/Pre-Parcial/03-Taller PreParcial/Punto4/countmod12/countmod12.runs/impl_1/TOP.vdi
# Journal file: D:/Github/Monitorias_ElectronicaDigital/Pre-Parcial/03-Taller PreParcial/Punto4/countmod12/countmod12.runs/impl_1\vivado.jou
# Running On        :AG-Predator
# Platform          :Windows Server 2016 or Windows 10
# Operating System  :22631
# Processor Detail  :Intel(R) Core(TM) i7-9750H CPU @ 2.60GHz
# CPU Frequency     :2592 MHz
# CPU Physical cores:6
# CPU Logical cores :12
# Host memory       :17011 MB
# Swap memory       :13490 MB
# Total Virtual     :30501 MB
# Available Virtual :5924 MB
#-----------------------------------------------------------
source TOP.tcl -notrace
