#-----------------------------------------------------------
# Vivado v2024.1 (64-bit)
# SW Build 5076996 on Wed May 22 18:37:14 MDT 2024
# IP Build 5075265 on Wed May 22 21:45:21 MDT 2024
# SharedData Build 5076995 on Wed May 22 18:29:18 MDT 2024
# Start of session at: Thu Aug  1 19:20:43 2024
# Process ID: 21732
# Current directory: D:/Github/Monitorias_ElectronicaDigital/Pre-Parcial/01-TutorialesBasys3/02-Tutorial2/Tutorial2
# Command line: vivado.exe -gui_launcher_event rodinguilauncherevent17684 D:\Github\Monitorias_ElectronicaDigital\Pre-Parcial\01-TutorialesBasys3\02-Tutorial2\Tutorial2\Tutorial2.xpr
# Log file: D:/Github/Monitorias_ElectronicaDigital/Pre-Parcial/01-TutorialesBasys3/02-Tutorial2/Tutorial2/vivado.log
# Journal file: D:/Github/Monitorias_ElectronicaDigital/Pre-Parcial/01-TutorialesBasys3/02-Tutorial2/Tutorial2\vivado.jou
# Running On        :AG-Predator
# Platform          :Windows Server 2016 or Windows 10
# Operating System  :22631
# Processor Detail  :Intel(R) Core(TM) i7-9750H CPU @ 2.60GHz
# CPU Frequency     :2592 MHz
# CPU Physical cores:6
# CPU Logical cores :12
# Host memory       :17011 MB
# Swap memory       :9126 MB
# Total Virtual     :26138 MB
# Available Virtual :12218 MB
#-----------------------------------------------------------
start_gui
open_project -read_only D:/Github/Monitorias_ElectronicaDigital/Pre-Parcial/01-TutorialesBasys3/02-Tutorial2/Tutorial2/Tutorial2.xpr
update_compile_order -fileset sources_1
