#-----------------------------------------------------------
# Vivado v2023.2 (64-bit)
# SW Build 4029153 on Fri Oct 13 20:14:34 MDT 2023
# IP Build 4028589 on Sat Oct 14 00:45:43 MDT 2023
# SharedData Build 4025554 on Tue Oct 10 17:18:54 MDT 2023
# Start of session at: Sun Feb 25 15:10:03 2024
# Process ID: 15472
# Current directory: C:/Github/Monitorias_ElectronicaDigital/00-TutorialesBasys3/01-Tutorial1/Tutorial1/Tutorial1.runs/synth_1
# Command line: vivado.exe -log Tutorial1.vds -product Vivado -mode batch -messageDb vivado.pb -notrace -source Tutorial1.tcl
# Log file: C:/Github/Monitorias_ElectronicaDigital/00-TutorialesBasys3/01-Tutorial1/Tutorial1/Tutorial1.runs/synth_1/Tutorial1.vds
# Journal file: C:/Github/Monitorias_ElectronicaDigital/00-TutorialesBasys3/01-Tutorial1/Tutorial1/Tutorial1.runs/synth_1\vivado.jou
# Running On: aguerra, OS: Windows, CPU Frequency: 2296 MHz, CPU Physical cores: 8, Host memory: 7448 MB
#-----------------------------------------------------------
source Tutorial1.tcl -notrace
